// Jest Snapshot v1, https://goo.gl/fbAQLP

exports[`App.test.js has the expected html structure 1`] = `
<div
  id="app"
>
  <h1>
    Hello
  </h1>
   
  <messagelist-stub
    messages="Cat"
  />
</div>
`;
