// Jest Snapshot v1, https://goo.gl/fbAQLP

exports[`Message.test.js Events has the expected html structure 1`] = `
<li
  class="message"
  style="margin-top: 10px;"
>
  
  Cat

</li>
`;
